// Jest Snapshot v1, https://jestjs.io/docs/snapshot-testing

exports[`useBulkSelect returns bulk select items with select all 1`] = `
[
  {
    "onClick": [Function],
    "props": {
      "isDisabled": false,
    },
    "title": "Select none",
  },
  {
    "onClick": [Function],
    "title": "Select page (2 items)",
  },
  {
    "onClick": [Function],
    "title": "Select all (2 items)",
  },
]
`;

exports[`useBulkSelect returns bulk select items without select all 1`] = `
[
  {
    "onClick": [Function],
    "props": {
      "isDisabled": false,
    },
    "title": "Select none",
  },
  {
    "onClick": [Function],
    "title": "Select page (2 items)",
  },
  {
    "onClick": [Function],
    "title": "Select all (2 items)",
  },
]
`;
